// Jest Snapshot v1, https://goo.gl/fbAQLP

exports[`Header component test should render Header 1`] = `
<header
  className="header"
>
  <div
    className="container"
  >
    <Logo />
    <Navigation />
    <Authorization />
  </div>
</header>
`;
