// Jest Snapshot v1, https://goo.gl/fbAQLP

exports[`Main component test should render Main 1`] = `
<main
  className="main"
>
  <div
    className="container"
  >
    <div
      className="children"
    >
      Children
    </div>
  </div>
</main>
`;
