// Jest Snapshot v1, https://goo.gl/fbAQLP

exports[`Paginator component test should render Paginator 1`] = `
<Pagination
  className="paginator
        "
  current={0}
  onChange={[Function]}
  pageSize={5}
  showQuickJumper={true}
  simple={true}
  total={10}
/>
`;
